INFO: Server started
  ERROR: Database connection failed
  WARN: Slow query detected
  ERROR: Database connection failed
  INFO: Request received
